
R version 3.0.1 (2013-05-16) -- "Good Sport"
Copyright (C) 2013 The R Foundation for Statistical Computing
Platform: x86_64-pc-linux-gnu (64-bit)

R is free software and comes with ABSOLUTELY NO WARRANTY.
You are welcome to redistribute it under certain conditions.
Type 'license()' or 'licence()' for distribution details.

  Natural language support but running in an English locale

R is a collaborative project with many contributors.
Type 'contributors()' for more information and
'citation()' on how to cite R or R packages in publications.

Type 'demo()' for some demos, 'help()' for on-line help, or
'help.start()' for an HTML browser interface to help.
Type 'q()' to quit R.

> 
> # Read in and process BLB results:
> 
> mini <- FALSE
> if (mini){
+ 	d <- 40
+ } else {
+ 	d <- 1000
+ }
> 
> # BLB specs:
> s <- 5 # 50
> r <- 50 # 100
> 
> outpath <- "output"
> respath <- "final"
> 
> if (mini){
+ 	rootfilename <- "blb_lin_reg_mini"
+ } else {
+ 	rootfilename <- "blb_lin_reg_data"
+ }
> 
> results.se.filename <- paste0(respath,"/",rootfilename,"_s",s,"_r",r,"_SE.txt")
> results.est.filename <- paste0(respath,"/",rootfilename,"_s",s,"_r",r,"_est.txt")
> 
> outfile <- function(outpath,r_index,s_index){
+ 	return(paste0(outpath,"/","coef_",sprintf("%02d",s_index),"_",sprintf("%02d",r_index),".txt"))
+ }
> 
> coefs <- vector("list",s)
> blb_est <- blb_se <- matrix(NA,nrow=s,ncol=d)
> 
> # Compute BLB SE's:
> for (s_index in 1:s){
+ 	coefs[[s_index]] <- matrix(NA,nrow=r,ncol=d)
+ 	for (r_index in 1:r){
+ 		tmp.filename <- outfile(outpath,r_index,s_index)
+ 		tryread <- try({tmp <- read.table(tmp.filename,header=FALSE)},silent=TRUE)
+ 		if (class(tryread)=="try-error"){
+ 			errmsg <- paste0("Failed to read file: ",tmp.filename)
+ 			stop(errmsg)
+ 		}
+ 		if (nrow(tmp) != d){
+ 			stop(paste0("Incorrect number of rows in: ",tmp.filename))
+ 		}
+ 		coefs[[s_index]][r_index,] <- as.numeric(tmp[,1])
+ 	}
+ 	blb_est[s_index,] <- apply(coefs[[s_index]],2,mean)
+ 	# SD for each subsample:
+ 	blb_se[s_index,] <- apply(coefs[[s_index]],2,sd)
+ }
> 
> # Average over subsamples:
> blb_final_est <- apply(blb_est,2,mean)
> blb_final_se <- apply(blb_se,2,mean)
> 
> cat("Experimental Final BLB Estimates's (Note: These are biased in general):\n")
Experimental Final BLB Estimates's (Note: These are biased in general):
> print(blb_final_est)
   [1] -1.0647217076 -1.0303226697 -1.0546388733 -0.9757399989 -0.9948071255
   [6] -1.0107206383 -0.9786208095 -0.9095055662 -1.0709507282 -1.0075539241
  [11] -0.9818119071 -1.0232088223 -0.9490947231 -0.9917695786 -0.9619873205
  [16] -0.9906482914 -1.0054374376 -1.0351671562 -0.9636991571 -0.9275099721
  [21] -0.9673344256 -0.9399240442 -0.8949105159 -0.9301593586 -0.9158050351
  [26] -0.9290290151 -0.9395748123 -0.9880013035 -0.9451689313 -0.9138767486
  [31] -0.9543461575 -0.9121141896 -0.9859055578 -0.8848350957 -0.9431912712
  [36] -0.9869200204 -0.8934018971 -0.9869750676 -0.8762680192 -0.8982943511
  [41] -0.9533850364 -0.9172946814 -0.9021465888 -0.8917821688 -0.9429644210
  [46] -0.9100338473 -0.9516907736 -0.8823254240 -0.9007915420 -0.8976841099
  [51] -0.9390757984 -0.9383229320 -0.8748397897 -0.8656144641 -0.9001296296
  [56] -0.9229781465 -0.9245685818 -0.8725275507 -0.8715911706 -0.8952421730
  [61] -0.8196810485 -0.9403461368 -0.8501467263 -0.8342316431 -0.8769728421
  [66] -0.8368515012 -0.8719434150 -0.8915414928 -0.8747527345 -0.8939044759
  [71] -0.8396380184 -0.8322078103 -0.9596952253 -0.8355533009 -0.8562483840
  [76] -0.8488457495 -0.8860878928 -0.7505821487 -0.8445235756 -0.7676220333
  [81] -0.8205135823 -0.7904551238 -0.8845565952 -0.8198052484 -0.8995603047
  [86] -0.7754926274 -0.8261232070 -0.8974807830 -0.8109919595 -0.8674581595
  [91] -0.7829980286 -0.7866321797 -0.8586998896 -0.7722917141 -0.7950279050
  [96] -0.7910418303 -0.7910221241 -0.7508939858 -0.7827847633 -0.7371644206
 [101] -0.8227009465 -0.7914212085 -0.7263185010 -0.7899076994 -0.7899798189
 [106] -0.8394279645 -0.7610603708 -0.7940007403 -0.7806034134 -0.7583122464
 [111] -0.7426744736 -0.8273946142 -0.7638935550 -0.7785754494 -0.7949268924
 [116] -0.8270322341 -0.7649180545 -0.7186332313 -0.6904797877 -0.7481334544
 [121] -0.7114088546 -0.8388792464 -0.7798519294 -0.8131691756 -0.6899821318
 [126] -0.7057295936 -0.7658199576 -0.6942433668 -0.7592125585 -0.7292098374
 [131] -0.6756471850 -0.7765298858 -0.7005091761 -0.7860977732 -0.7015567022
 [136] -0.7771408281 -0.7186203055 -0.7505348713 -0.6590235083 -0.6893192497
 [141] -0.6660378440 -0.6229501131 -0.7442162938 -0.7035828963 -0.6726961550
 [146] -0.7209217834 -0.7659766711 -0.6978228801 -0.6820486010 -0.6818511267
 [151] -0.6377316926 -0.6616100644 -0.7183008557 -0.6950643280 -0.6952182690
 [156] -0.6623773555 -0.6984969584 -0.6670258085 -0.6588044129 -0.6927313720
 [161] -0.6820431781 -0.6962230237 -0.6850802015 -0.6388767173 -0.6396553948
 [166] -0.6684183755 -0.6951960286 -0.6045030914 -0.6525080564 -0.6712043551
 [171] -0.6782740730 -0.6386588715 -0.6347210213 -0.6254391938 -0.6458546968
 [176] -0.6263286398 -0.6313931143 -0.5809177252 -0.6948091527 -0.6724058558
 [181] -0.7078780546 -0.6370572996 -0.5935414794 -0.5994167146 -0.6311534302
 [186] -0.6222795419 -0.6237372359 -0.6069695402 -0.6455361905 -0.6932267564
 [191] -0.5939424975 -0.6669538740 -0.6308618506 -0.6088206154 -0.5970863560
 [196] -0.6567639247 -0.6097566727 -0.6483596493 -0.6477292075 -0.6057727532
 [201] -0.6004432422 -0.5960929718 -0.6429232968 -0.6009691976 -0.6136590616
 [206] -0.6193215988 -0.5532734844 -0.5801571546 -0.5729732235 -0.5063503020
 [211] -0.5615287825 -0.5116944530 -0.5519188535 -0.5123362674 -0.5941009646
 [216] -0.5076318156 -0.4359627851 -0.5805601407 -0.6164322856 -0.6065087856
 [221] -0.5631157066 -0.5602600555 -0.5896452348 -0.5804293077 -0.5290049725
 [226] -0.5457763591 -0.5463046306 -0.5584299926 -0.4698031536 -0.5090903945
 [231] -0.5170905402 -0.5874831444 -0.4618851067 -0.5737579552 -0.5155193709
 [236] -0.5341779397 -0.5434156002 -0.4727792789 -0.5481814624 -0.5278926017
 [241] -0.5300311247 -0.5271629735 -0.5745066989 -0.5744827698 -0.4736222340
 [246] -0.5102981180 -0.4737728489 -0.5400849089 -0.4536847274 -0.5327628241
 [251] -0.4784316669 -0.5519440828 -0.4196424532 -0.5692402827 -0.5961352520
 [256] -0.5009912026 -0.4713349960 -0.4691637908 -0.4652779114 -0.4568171628
 [261] -0.5047216596 -0.5352500576 -0.3977237354 -0.4708934492 -0.5264390001
 [266] -0.5175310686 -0.4347418845 -0.4485745248 -0.4327249207 -0.3994865250
 [271] -0.3976124374 -0.4271900722 -0.5014526880 -0.4538114461 -0.4092387246
 [276] -0.4543803959 -0.4379277191 -0.4665956376 -0.5091114711 -0.4610880451
 [281] -0.4512066276 -0.4068297146 -0.4837520490 -0.3812371497 -0.4049737793
 [286] -0.3855536077 -0.3967566510 -0.4614769118 -0.3703770037 -0.4363613677
 [291] -0.4777939955 -0.4086786310 -0.4651547273 -0.4506358265 -0.4222895695
 [296] -0.3727505219 -0.4572817673 -0.3925346351 -0.4511343940 -0.4331253711
 [301] -0.4022306595 -0.4304427873 -0.3519791649 -0.4194980728 -0.3312904073
 [306] -0.3512972481 -0.3961122505 -0.3351876885 -0.3783263742 -0.3572385540
 [311] -0.4095110027 -0.4110803996 -0.3346800065 -0.3667909516 -0.3568232410
 [316] -0.3561246239 -0.3560413651 -0.3118561353 -0.3834853722 -0.3588968648
 [321] -0.3329100756 -0.3785803655 -0.3254714976 -0.3507787129 -0.3861674308
 [326] -0.3644550323 -0.2075487226 -0.3056871615 -0.3912316308 -0.2929326639
 [331] -0.3460621174 -0.3054555592 -0.2813272564 -0.2853654794 -0.3580167883
 [336] -0.3493506940 -0.3410421112 -0.3535551284 -0.3794693683 -0.3155512580
 [341] -0.3313077356 -0.2840297053 -0.3034932047 -0.3411654714 -0.2965182204
 [346] -0.2403046875 -0.3285824357 -0.3040228913 -0.3356515764 -0.2994373328
 [351] -0.2958139331 -0.3443447675 -0.2165032226 -0.2385566747 -0.3140031334
 [356] -0.2980136854 -0.2874059607 -0.3233387329 -0.2826261491 -0.2930311510
 [361] -0.3089351827 -0.3767189418 -0.2479408734 -0.2727875977 -0.2059843337
 [366] -0.3190320727 -0.3060708491 -0.2298441159 -0.2201029541 -0.2182182606
 [371] -0.2456123634 -0.2488353275 -0.2797753233 -0.2190033127 -0.2688073828
 [376] -0.2308542639 -0.2292970674 -0.2383372871 -0.2476360728 -0.3524754513
 [381] -0.2891851605 -0.2660032314 -0.2321497485 -0.2481664881 -0.3024333935
 [386] -0.2611366502 -0.3090819308 -0.2068161651 -0.2203600718 -0.2187721516
 [391] -0.2376934488 -0.1658198509 -0.1602192839 -0.2054080016 -0.2695111959
 [396] -0.2500174695 -0.1678652990 -0.2363012723 -0.2552594252 -0.1935882054
 [401] -0.1773285966 -0.2286125037 -0.1921694510 -0.2536674311 -0.2375890608
 [406] -0.1953654979 -0.1152256809 -0.2707810243 -0.1528217284 -0.1600550423
 [411] -0.1873525118 -0.1073129250 -0.1557974699 -0.2091133952 -0.1754708527
 [416] -0.1449805747 -0.1325892616 -0.2128348894 -0.1390015285 -0.1558010154
 [421] -0.1200283197 -0.1898550864 -0.1703591080 -0.1681069356 -0.2226886651
 [426] -0.1503500729 -0.0997243596 -0.0937282340 -0.1144887649 -0.0954514795
 [431] -0.1671108240 -0.1682243996 -0.2184389438 -0.1235126040 -0.1130826993
 [436] -0.1088384495 -0.1109826072 -0.0974737538 -0.0829802746 -0.0850703417
 [441] -0.0990636697 -0.1380831873 -0.0601377393 -0.0816388793 -0.1413989338
 [446] -0.1426604221 -0.0704489403 -0.1019568880 -0.1208496767 -0.1629033934
 [451] -0.1305934804 -0.1161254482 -0.0814897996 -0.1502691126 -0.0660756640
 [456] -0.1098070120 -0.0465507727 -0.0673392480 -0.0968276493 -0.1180616201
 [461] -0.0832419274 -0.0422927297 -0.0960214282 -0.0883536282 -0.1429836872
 [466] -0.0767031547 -0.0401669345 -0.0906748851 -0.0687000859 -0.0819808706
 [471] -0.0862824146 -0.0598998225 -0.0533085706 -0.0274909653 -0.1066435386
 [476] -0.1106714652 -0.0879049752  0.0113603996 -0.0245040383 -0.0628064099
 [481] -0.0121913179  0.0293634883 -0.0560274185 -0.0290405116 -0.0019084613
 [486] -0.0066213288 -0.0525374361 -0.0009636107 -0.1237516355 -0.0659811332
 [491] -0.0052941017  0.0299564861 -0.0632976740 -0.0128678759  0.0202506476
 [496] -0.0092556891 -0.0685782300  0.0275026441 -0.0754090404 -0.0476361521
 [501] -0.0036441016  0.0066856555  0.0288841908 -0.0039551744 -0.0441232043
 [506]  0.1477942023 -0.0736041547 -0.0701834338  0.0121875216  0.0203638532
 [511] -0.0188687214  0.0098610414 -0.0045455852 -0.0307899156  0.0471432439
 [516]  0.0447267594  0.0368678124  0.0593368125  0.0399115662  0.0945239975
 [521]  0.0242020291  0.0551851147 -0.0485082914  0.0358390191 -0.0041324519
 [526]  0.0620462218  0.0989057502  0.0812716067  0.0778762391  0.0851883774
 [531]  0.0576137275  0.0347135634  0.0998122875  0.0914854884  0.1536705164
 [536]  0.0955478558  0.1037706861  0.0294635151  0.1036159081  0.0773674677
 [541]  0.0610821106  0.1414492347  0.0673858313  0.0263489312  0.0499670250
 [546]  0.0772385310  0.0900839405  0.0707201234  0.0559412332  0.0868468313
 [551]  0.0666455386  0.0753055865  0.0584755554  0.0784731553  0.1345977364
 [556]  0.0854272038  0.0661095507  0.1567432130  0.1178994810  0.1658002859
 [561]  0.1240652310  0.0317728738  0.1189361932  0.1432533489  0.1696455169
 [566]  0.1929639984  0.1512249154  0.0374948377  0.1259668165  0.1251299803
 [571]  0.1122673235  0.1843153905  0.1144264383  0.0895506261  0.1202388086
 [576]  0.1157224296  0.2039034748  0.1701326854  0.1828800419  0.1267977138
 [581]  0.1666234897  0.1637523551  0.1707949122  0.1431105320  0.1689899574
 [586]  0.1315541203  0.1654458466  0.1871955338  0.1744894456  0.1695191467
 [591]  0.1889893156  0.1748399805  0.1950942973  0.2128844794  0.0782013148
 [596]  0.2179686913  0.2261907877  0.1886585828  0.1719125045  0.1988929934
 [601]  0.1647057854  0.1902742707  0.2267029960  0.2419723683  0.2580551582
 [606]  0.2100862841  0.2111743416  0.2318805667  0.2554210526  0.2203934711
 [611]  0.2436319471  0.2152310328  0.2338112438  0.2833802400  0.2823073741
 [616]  0.2656156837  0.2336606973  0.2386369075  0.2925035736  0.2203950360
 [621]  0.2522754001  0.2281273121  0.2172477196  0.2266935769  0.2537929260
 [626]  0.2848109779  0.2628754557  0.2450669945  0.2781654379  0.3395653645
 [631]  0.2906952299  0.2091726268  0.2074814695  0.2724295341  0.3050080868
 [636]  0.2887028658  0.2779959980  0.3891749305  0.2866209975  0.2374093834
 [641]  0.2119503362  0.3035365065  0.3136877792  0.3274769127  0.2650389061
 [646]  0.2277824723  0.2856000538  0.3471523241  0.2635440334  0.2827615377
 [651]  0.3727140315  0.2754316088  0.3694280854  0.3331709112  0.2707664380
 [656]  0.3459012049  0.3516175362  0.3156859527  0.3509778737  0.3345713247
 [661]  0.3160922348  0.3119530611  0.3336591539  0.3329682831  0.3770752507
 [666]  0.3766649556  0.3475189013  0.2985308261  0.3684622777  0.3418312613
 [671]  0.3254648990  0.3124495872  0.2933314250  0.3982838177  0.3665488130
 [676]  0.3718484685  0.3057285970  0.3386429781  0.3826983882  0.3845539030
 [681]  0.3956767975  0.4085544943  0.3164325270  0.3606047494  0.4413298304
 [686]  0.3660214125  0.4032976368  0.4122728868  0.3303655162  0.3601391380
 [691]  0.3685483345  0.3864660236  0.3780167943  0.3763644694  0.4134438612
 [696]  0.3626162082  0.3293160890  0.4309839815  0.4205104388  0.3512733694
 [701]  0.4082550878  0.3707623398  0.4138413857  0.4317436477  0.3455789977
 [706]  0.4565404681  0.3661266287  0.3756181702  0.3467331455  0.4685283421
 [711]  0.4538697057  0.4002778274  0.3891289689  0.4347823935  0.4240882968
 [716]  0.4534789752  0.4274995900  0.4412266352  0.3817497196  0.4250613300
 [721]  0.4497545695  0.4190355704  0.4453014415  0.4658938396  0.5366039636
 [726]  0.4363040864  0.4595252117  0.4571604632  0.4698990915  0.4502240229
 [731]  0.4929953811  0.4351189991  0.4647950287  0.5090178824  0.4428465259
 [736]  0.4901109509  0.4716414320  0.4859055149  0.4431277103  0.4666274428
 [741]  0.4442860895  0.5581740794  0.4854887555  0.5538667107  0.5005494280
 [746]  0.4740136455  0.5234032180  0.5700566391  0.4538610027  0.5087041159
 [751]  0.4341807733  0.4544642956  0.5178615962  0.5073490093  0.4659485953
 [756]  0.4767827575  0.5691772355  0.5096057941  0.4873680366  0.5567393379
 [761]  0.5352396055  0.5561429475  0.5097850401  0.5040929743  0.4691088982
 [766]  0.5410546134  0.5254920869  0.5092684483  0.5783309477  0.5319165952
 [771]  0.5146148408  0.5314836723  0.5697538596  0.5557993396  0.5822537498
 [776]  0.5314103081  0.5570816135  0.5286504813  0.5578268182  0.4971364847
 [781]  0.5293086958  0.5503464362  0.5379426155  0.5889484955  0.5758539425
 [786]  0.5065070531  0.6096312328  0.6241713592  0.5998128449  0.5893653738
 [791]  0.5968999153  0.5192310222  0.5140938976  0.5997333808  0.5324257503
 [796]  0.5635634526  0.5283558162  0.5707962427  0.5387625044  0.5769267839
 [801]  0.6287822132  0.5927045622  0.5838920737  0.6995729494  0.6213025736
 [806]  0.6469510769  0.5800286476  0.5975215301  0.5773214023  0.6563560908
 [811]  0.6331715061  0.6444968114  0.5836142149  0.6857432873  0.6889224326
 [816]  0.5737554896  0.6578526158  0.5810802814  0.6342646319  0.5864478280
 [821]  0.6000163591  0.6418489243  0.6115916174  0.6821951368  0.7350434913
 [826]  0.6445213325  0.6642689208  0.7087714865  0.6758035176  0.6706377813
 [831]  0.6657804640  0.6543624131  0.6707484581  0.6972256761  0.6644840210
 [836]  0.6462046036  0.6305199950  0.7555364057  0.6536452790  0.6622676828
 [841]  0.6311996673  0.6991659945  0.6715989296  0.6635436960  0.6305733615
 [846]  0.6995741036  0.6966832675  0.7166996092  0.6848490680  0.6590264759
 [851]  0.6215548983  0.7389442160  0.7944931435  0.6628032671  0.7292160900
 [856]  0.7533448361  0.7479759763  0.6756884330  0.6708853902  0.7066602679
 [861]  0.6796434235  0.7205278526  0.7100556844  0.7211830210  0.7431182135
 [866]  0.7209705832  0.7004890973  0.7141515673  0.7390584400  0.7044831216
 [871]  0.7241892274  0.7409191119  0.7209344300  0.7481248394  0.6781421972
 [876]  0.7863570967  0.8046102400  0.7474968433  0.7677217489  0.6355766018
 [881]  0.6971045967  0.7848902448  0.7556252499  0.7710051435  0.7443770028
 [886]  0.8121879676  0.7067789319  0.7453949503  0.7840618252  0.7652384122
 [891]  0.7686381881  0.7333483018  0.8751633977  0.7374996573  0.7579250255
 [896]  0.8023431785  0.7884779948  0.7765313384  0.7954758345  0.8127563519
 [901]  0.8243085015  0.7416077963  0.8295765342  0.7902975292  0.7911832558
 [906]  0.7721113767  0.8502229276  0.8344117443  0.8328797956  0.8896033603
 [911]  0.8479517931  0.8339825205  0.8385369058  0.8522339779  0.9060627221
 [916]  0.7827228762  0.8335379645  0.7647520616  0.8502913552  0.8366630784
 [921]  0.8833515394  0.8249889442  0.8389588905  0.8317242350  0.8095581253
 [926]  0.8498452650  0.8395872601  0.8361887933  0.8005148744  0.8451934328
 [931]  0.9139251297  0.8741206234  0.8642854414  0.8625572132  0.8440908914
 [936]  0.8186061480  0.8633709491  0.8887099059  0.9165028969  0.8421786382
 [941]  0.9341640528  0.9423428473  0.7825943253  0.9322130912  0.9249576857
 [946]  0.9065575267  0.7992232061  0.9456696553  0.9219233806  0.8419284297
 [951]  0.9206681785  0.9113242278  0.8959847825  0.9904751669  0.8569201646
 [956]  0.8801065409  0.9220633999  0.9493027976  0.9324245289  0.9281775586
 [961]  0.9338291328  0.9311576392  0.9170750234  0.9128642928  0.9447760605
 [966]  0.9250929089  0.8766308413  1.0210891798  0.9625628058  0.9719575314
 [971]  0.9295342180  0.9831232812  0.9284055975  0.9313394121  0.9211616863
 [976]  0.9239575076  0.9219613230  0.9143364737  0.9446929702  0.9463911031
 [981]  0.9006395630  0.9198199289  0.9245804501  0.9206229894  0.9828079535
 [986]  0.9247307601  1.0523969181  0.9872831527  1.0302695818  1.0085531804
 [991]  0.9945160593  0.9592248591  0.9629705285  1.0178667877  1.0443422626
 [996]  1.0327180484  0.9944940463  1.0603762285  1.0055921836  1.0520183125
> 
> cat("Final BLB SE's:\n")
Final BLB SE's:
> print(blb_final_se)
   [1] 0.010693373 0.009837250 0.009607308 0.009602404 0.010568020 0.010255202
   [7] 0.009997596 0.010141795 0.009711069 0.009837355 0.010117579 0.009343696
  [13] 0.010247330 0.008831885 0.009125876 0.010647337 0.010232350 0.010092590
  [19] 0.009391551 0.010459295 0.008954991 0.009245931 0.010456705 0.009521421
  [25] 0.009906238 0.009600747 0.011169586 0.009767660 0.009692123 0.009643578
  [31] 0.009788469 0.009226391 0.009253564 0.009867241 0.009699089 0.009170440
  [37] 0.009945685 0.010335950 0.009865257 0.009242519 0.010006614 0.009224744
  [43] 0.010123930 0.009888673 0.010090158 0.009871240 0.009318964 0.009323438
  [49] 0.009364847 0.010420860 0.010112696 0.010329352 0.009888908 0.010298049
  [55] 0.009356710 0.010203927 0.010466290 0.010356162 0.010350901 0.009973858
  [61] 0.008938641 0.009817621 0.009319041 0.009395207 0.009737493 0.010017606
  [67] 0.010741323 0.009577967 0.010533287 0.009937765 0.009227143 0.009485238
  [73] 0.009602268 0.010054143 0.009813407 0.010259418 0.009943926 0.010039051
  [79] 0.010400857 0.010243931 0.009286042 0.010096213 0.009453796 0.010135113
  [85] 0.009391103 0.010190510 0.010300756 0.009722466 0.010235989 0.010233646
  [91] 0.009756978 0.009661784 0.009763605 0.010657934 0.010000614 0.009874719
  [97] 0.009479145 0.009764686 0.010185043 0.009365060 0.009258950 0.009735690
 [103] 0.010440504 0.008883652 0.009838122 0.010152929 0.009529686 0.009872333
 [109] 0.010173721 0.010389832 0.009890102 0.010131269 0.010560798 0.010017577
 [115] 0.010630683 0.009870387 0.009759581 0.009643853 0.010002944 0.010165282
 [121] 0.010477603 0.009933197 0.010047405 0.010633907 0.010248655 0.009893470
 [127] 0.009766105 0.009799395 0.009459875 0.009795622 0.009750554 0.010078913
 [133] 0.009180190 0.009237680 0.010066947 0.009855234 0.010091273 0.010279763
 [139] 0.010577285 0.009949253 0.009240012 0.009715161 0.009966431 0.010818523
 [145] 0.010030782 0.009983625 0.010272834 0.010318816 0.009972493 0.009123420
 [151] 0.009614390 0.010197626 0.009837147 0.010296162 0.010275665 0.008801991
 [157] 0.010127317 0.009815097 0.009539802 0.010703244 0.009960019 0.010182241
 [163] 0.010047552 0.009801714 0.010166043 0.010445653 0.009608155 0.009192865
 [169] 0.010327880 0.009954519 0.010010311 0.008875888 0.010144021 0.009953854
 [175] 0.010073887 0.009723148 0.010088638 0.009092015 0.009082821 0.010250842
 [181] 0.009424947 0.010117030 0.011103734 0.010519849 0.010512414 0.009339218
 [187] 0.009666916 0.010015693 0.009150508 0.009793943 0.010060049 0.009968745
 [193] 0.009462685 0.010332544 0.009593318 0.009235107 0.010413464 0.009889015
 [199] 0.010476574 0.010360937 0.010146730 0.009829708 0.010033700 0.010048577
 [205] 0.009731307 0.010397829 0.009702433 0.010345860 0.010210999 0.010228557
 [211] 0.010428601 0.010471136 0.010398372 0.010087110 0.009209920 0.010606841
 [217] 0.010462925 0.010653172 0.009657856 0.010696511 0.010271818 0.010182763
 [223] 0.009299890 0.009393743 0.009917109 0.010319166 0.009157080 0.009698303
 [229] 0.010472063 0.011164977 0.008961320 0.009235238 0.010560022 0.010170454
 [235] 0.009662921 0.010090922 0.009397637 0.009991461 0.010016883 0.010797179
 [241] 0.009627581 0.010209786 0.009878749 0.010113060 0.010397387 0.009747675
 [247] 0.009825107 0.009562030 0.009153414 0.009850931 0.009734681 0.009596791
 [253] 0.010353654 0.009017563 0.010335576 0.009939450 0.009966898 0.009943030
 [259] 0.009615687 0.009699668 0.010093083 0.009171799 0.009776640 0.009586513
 [265] 0.009440083 0.009747880 0.010916878 0.010543327 0.011287741 0.009956629
 [271] 0.009360683 0.009631485 0.010140734 0.010164137 0.009703059 0.010414804
 [277] 0.009971854 0.009554595 0.009636431 0.010310770 0.009120795 0.009889028
 [283] 0.009806527 0.009536959 0.009785007 0.009942140 0.010110972 0.009600673
 [289] 0.010140250 0.010320880 0.009670509 0.009810385 0.011188960 0.010403487
 [295] 0.010512697 0.010403843 0.009958677 0.010262729 0.010318060 0.009592849
 [301] 0.009841939 0.009774360 0.009440142 0.010401172 0.009474316 0.010623254
 [307] 0.010475121 0.009778198 0.009101993 0.010222609 0.009481113 0.009949101
 [313] 0.009174380 0.009886875 0.010481056 0.009500557 0.009670802 0.010109584
 [319] 0.009220009 0.009708707 0.010240993 0.009475270 0.009394972 0.009803357
 [325] 0.010587720 0.010399647 0.009900646 0.010283876 0.009734307 0.010221424
 [331] 0.010045567 0.010040676 0.010106386 0.010099133 0.010210807 0.010224569
 [337] 0.010338431 0.009570185 0.011512796 0.009345691 0.010319235 0.010070578
 [343] 0.009558245 0.010291125 0.009420165 0.010103179 0.010214735 0.009382409
 [349] 0.009673418 0.010598132 0.010048613 0.010122474 0.010116513 0.010002913
 [355] 0.010130834 0.009279120 0.009689674 0.010064654 0.010069544 0.010613813
 [361] 0.009509870 0.010436217 0.010386906 0.009250459 0.010095874 0.010421831
 [367] 0.009444019 0.009314034 0.009401787 0.010398517 0.010061156 0.009952578
 [373] 0.009185397 0.010274190 0.009207727 0.009329106 0.009921416 0.009152973
 [379] 0.010169840 0.009126346 0.010185463 0.010201118 0.010091861 0.009761241
 [385] 0.010313828 0.010217872 0.010318439 0.010005249 0.010608066 0.009872760
 [391] 0.009564969 0.009972973 0.009391130 0.010297724 0.009621062 0.009589626
 [397] 0.010499114 0.010195043 0.010046373 0.010398033 0.009569214 0.009904918
 [403] 0.010111838 0.009475179 0.010208276 0.009799663 0.010257674 0.010021870
 [409] 0.009806803 0.009521686 0.010373280 0.009836638 0.010315074 0.010331078
 [415] 0.009959728 0.010211497 0.009880368 0.010318511 0.009513446 0.009137481
 [421] 0.010016739 0.010278717 0.009645981 0.009896570 0.009928246 0.010046907
 [427] 0.009782969 0.010157861 0.010548592 0.009665372 0.009536106 0.009599693
 [433] 0.009769738 0.009563725 0.010136361 0.010253853 0.009794899 0.009662042
 [439] 0.010123548 0.010037631 0.010100585 0.009821173 0.009863323 0.010243380
 [445] 0.010522276 0.010028981 0.008763078 0.009169414 0.010080800 0.009949044
 [451] 0.010242682 0.009369577 0.009357267 0.009818047 0.010425661 0.011313233
 [457] 0.010012376 0.009834043 0.009759985 0.008966575 0.010499577 0.009940851
 [463] 0.010117515 0.009582565 0.009741303 0.010157776 0.009837198 0.010329865
 [469] 0.010539712 0.009343565 0.010586806 0.010189593 0.009823834 0.009653632
 [475] 0.010334163 0.009178106 0.009395780 0.010680520 0.009958108 0.010455008
 [481] 0.009643912 0.010216259 0.008838384 0.010332206 0.010007235 0.009933429
 [487] 0.009484154 0.010293139 0.009903280 0.009555222 0.011187953 0.009123998
 [493] 0.009442557 0.009990253 0.010125087 0.009615130 0.009814032 0.009214786
 [499] 0.010084429 0.009878770 0.010365255 0.010040406 0.010643699 0.009599814
 [505] 0.010476108 0.009790982 0.009833856 0.009574865 0.010621026 0.009846175
 [511] 0.008815299 0.010468323 0.010197020 0.009474324 0.010728511 0.009963731
 [517] 0.010331458 0.010368369 0.010254868 0.010209122 0.009281881 0.009658453
 [523] 0.010684104 0.009520225 0.010005848 0.010287142 0.009018454 0.010219622
 [529] 0.009766816 0.009422905 0.009641761 0.009444048 0.009620939 0.010350114
 [535] 0.010143512 0.009299723 0.010404599 0.009960489 0.010072794 0.010229523
 [541] 0.010455693 0.009851290 0.010253383 0.009871280 0.009202189 0.010219536
 [547] 0.010081278 0.009992575 0.009332193 0.009947025 0.009590544 0.010049850
 [553] 0.009993865 0.009444414 0.009901861 0.009996373 0.010386821 0.010609065
 [559] 0.009459247 0.009446833 0.009826043 0.010020327 0.009693911 0.009845517
 [565] 0.009803712 0.010177012 0.010014488 0.010298414 0.009605136 0.010780555
 [571] 0.009819206 0.010080597 0.009706810 0.010431705 0.009804010 0.010192402
 [577] 0.010252183 0.009225422 0.009517623 0.009760090 0.009404880 0.010744559
 [583] 0.009911019 0.010327998 0.010273676 0.010016759 0.010623427 0.009718615
 [589] 0.009339852 0.010081055 0.009010312 0.010638592 0.009618436 0.009749061
 [595] 0.010127023 0.009720080 0.010161109 0.009419213 0.009677892 0.009259703
 [601] 0.008975202 0.009697581 0.010549312 0.010118008 0.009512520 0.009692251
 [607] 0.010170523 0.010034108 0.009439011 0.009630134 0.010537975 0.010226504
 [613] 0.010246144 0.009495537 0.009725744 0.009397028 0.009519253 0.009746234
 [619] 0.009186989 0.009245066 0.009861436 0.009526554 0.009744677 0.009839180
 [625] 0.009409542 0.009615357 0.009565245 0.009508522 0.009517761 0.010409962
 [631] 0.010309775 0.008828960 0.010155197 0.009560055 0.009681966 0.010313106
 [637] 0.010022325 0.009993967 0.010127868 0.010042457 0.009449409 0.009782573
 [643] 0.009375492 0.009426688 0.009921645 0.009688812 0.009830541 0.009467325
 [649] 0.009922439 0.009652008 0.009370169 0.010140909 0.009918012 0.009684183
 [655] 0.010007529 0.009112459 0.010465719 0.010401212 0.009351541 0.009477462
 [661] 0.009862571 0.009457698 0.009480118 0.009975185 0.009838375 0.010168334
 [667] 0.009779956 0.010202963 0.010198847 0.010297681 0.010290955 0.009772181
 [673] 0.009678119 0.010693853 0.009894535 0.010399018 0.009598009 0.008954946
 [679] 0.009636998 0.010477861 0.009762135 0.009448300 0.010296281 0.009735835
 [685] 0.010175887 0.009621703 0.010341065 0.009772020 0.010014972 0.009875591
 [691] 0.009295130 0.009211901 0.009534367 0.010263119 0.010126864 0.009748845
 [697] 0.010402011 0.009867501 0.010398881 0.009512491 0.009419919 0.009840214
 [703] 0.009593339 0.009377809 0.010140818 0.009658233 0.009272384 0.009744721
 [709] 0.011008334 0.010149636 0.010142727 0.009798843 0.009468658 0.009312365
 [715] 0.010125866 0.009942142 0.009700750 0.008984310 0.010845297 0.011310871
 [721] 0.010041861 0.010224758 0.009728897 0.009942524 0.009955351 0.009955083
 [727] 0.009546328 0.009997762 0.010090128 0.010303788 0.009292372 0.010755171
 [733] 0.009628629 0.010191012 0.009279051 0.010052654 0.009806974 0.009996416
 [739] 0.009929714 0.010692146 0.010272772 0.010869298 0.010791522 0.009541771
 [745] 0.009074064 0.010438620 0.009473136 0.009901248 0.009991590 0.010187733
 [751] 0.010200104 0.010343228 0.010281786 0.010418643 0.010050705 0.009612858
 [757] 0.010023993 0.009305671 0.009655086 0.009913735 0.009340380 0.009051964
 [763] 0.009800729 0.009822627 0.009401054 0.009204212 0.009842637 0.009815181
 [769] 0.010411946 0.009577586 0.009979839 0.009385971 0.009999219 0.009337624
 [775] 0.010465617 0.009552838 0.010103942 0.010171946 0.010556216 0.009482759
 [781] 0.010521085 0.011127720 0.009599829 0.009842628 0.009354196 0.010340263
 [787] 0.010364995 0.008861487 0.009598193 0.010439781 0.010402819 0.010205513
 [793] 0.010096050 0.010028525 0.009856501 0.010493775 0.010005829 0.010015613
 [799] 0.010275718 0.010167926 0.010120894 0.009579220 0.009238276 0.010031365
 [805] 0.009762146 0.010179784 0.009989396 0.009917729 0.010718469 0.009688142
 [811] 0.009716926 0.009613577 0.009079617 0.009879937 0.009439851 0.010021945
 [817] 0.010423738 0.009669059 0.010523877 0.010200212 0.009660253 0.009878493
 [823] 0.010671607 0.011380836 0.010191273 0.010008888 0.010115116 0.009836960
 [829] 0.009486062 0.010245369 0.010077576 0.009813298 0.010505426 0.009722841
 [835] 0.010553935 0.010722245 0.009395204 0.010335171 0.010199055 0.010385354
 [841] 0.009480734 0.009920113 0.009723113 0.009733869 0.010277456 0.009512480
 [847] 0.009140173 0.010024497 0.009940918 0.009322392 0.009194900 0.010237905
 [853] 0.010340524 0.009945200 0.010037093 0.009823401 0.010252911 0.009448609
 [859] 0.010949789 0.009784203 0.010137317 0.010602793 0.008991956 0.009108430
 [865] 0.010470107 0.010357192 0.010103127 0.009744522 0.009828053 0.010063333
 [871] 0.009957738 0.011139673 0.009334818 0.010083688 0.010852886 0.009696401
 [877] 0.010152001 0.010605085 0.009347692 0.009852510 0.010669266 0.010103383
 [883] 0.009894609 0.010266548 0.009576942 0.009520791 0.010416221 0.010051928
 [889] 0.010389777 0.010471557 0.009583670 0.009689163 0.009928034 0.009512226
 [895] 0.009946637 0.010026963 0.009981998 0.009646059 0.009383377 0.009170797
 [901] 0.011101803 0.009579609 0.010295627 0.010344131 0.010033151 0.010229640
 [907] 0.010631788 0.010621498 0.010030039 0.009631505 0.009691276 0.009773016
 [913] 0.009340779 0.009519641 0.010091062 0.010743075 0.010023496 0.009611572
 [919] 0.009637923 0.009619573 0.009767964 0.010173823 0.009704848 0.009376112
 [925] 0.010035280 0.009399399 0.009638104 0.009664982 0.010338308 0.010416735
 [931] 0.009945946 0.009785664 0.009517333 0.009254559 0.010277238 0.009984778
 [937] 0.010394867 0.010684399 0.009339150 0.010508001 0.010369741 0.009447824
 [943] 0.011000922 0.010739784 0.009260809 0.010145230 0.010379974 0.009396766
 [949] 0.009418461 0.010100043 0.009619460 0.009231297 0.009950247 0.010066083
 [955] 0.009467470 0.010053198 0.009758411 0.009261682 0.010004598 0.010199628
 [961] 0.009322521 0.010349176 0.010887697 0.009956849 0.009681176 0.009856409
 [967] 0.010427474 0.009517739 0.010325729 0.010376409 0.010111879 0.009937586
 [973] 0.010206578 0.009665410 0.009644630 0.009822197 0.009542124 0.010670013
 [979] 0.010149949 0.009890068 0.009223874 0.009989118 0.009624434 0.009766193
 [985] 0.010168307 0.009644297 0.010222812 0.010545296 0.009922583 0.009651597
 [991] 0.009551486 0.010192830 0.009744783 0.010417166 0.010579901 0.009619806
 [997] 0.009931762 0.009201203 0.010322734 0.009900000
> 
> cat("Writing to file...\n")
Writing to file...
> write.table(file=results.se.filename,blb_final_se,row.names=F,quote=F)
> #write.table(file=results.est.filename,blb_final_est,row.names=F,quote=F)
> cat("done. :)\n")
done. :)
> 
> 
> 
> 
> 
> 
